resourceMetrics:
  - resource:
      attributes:
        - key: host.name
          value:
            stringValue: test-host
        - key: service.name
          value:
            stringValue: test-service
    schemaUrl: https://opentelemetry.io/schemas/1.9.0
    scopeMetrics:
      - metrics:
          - description: CPU utilization percentage
            gauge:
              dataPoints:
                - asDouble: 0.75
                  attributes:
                    - key: cpu
                      value:
                        stringValue: "0"
                    - key: state
                      value:
                        stringValue: user
                  startTimeUnixNano: "1000000"
                  timeUnixNano: "2000000"
                - asDouble: 0.68
                  attributes:
                    - key: cpu
                      value:
                        stringValue: "1"
                    - key: state
                      value:
                        stringValue: user
                  startTimeUnixNano: "1000000"
                  timeUnixNano: "2000000"
            name: system.cpu.utilization
            unit: "1"
          - description: Memory utilization percentage
            gauge:
              dataPoints:
                - asDouble: 0.45
                  attributes:
                    - key: state
                      value:
                        stringValue: used
                  startTimeUnixNano: "1000000"
                  timeUnixNano: "2000000"
            name: system.memory.utilization
            unit: "1"
          - description: Disk utilization percentage
            gauge:
              dataPoints:
                - asDouble: 0.23
                  attributes:
                    - key: device
                      value:
                        stringValue: /dev/sda1
                  startTimeUnixNano: "1000000"
                  timeUnixNano: "2000000"
            name: system.disk.utilization
            unit: "1"
          - description: Network packets count
            name: system.network.packets
            sum:
              aggregationTemporality: 2
              dataPoints:
                - asInt: "1000"
                  attributes:
                    - key: direction
                      value:
                        stringValue: receive
                    - key: interface
                      value:
                        stringValue: eth0
                  startTimeUnixNano: "1000000"
                  timeUnixNano: "2000000"
                - asInt: "800"
                  attributes:
                    - key: direction
                      value:
                        stringValue: transmit
                    - key: interface
                      value:
                        stringValue: eth0
                  startTimeUnixNano: "1000000"
                  timeUnixNano: "2000000"
              isMonotonic: true
            unit: '{packets}'
        scope:
          name: github.com/rbellamy/opentelemetry-inference/processor/metricsinferenceprocessor
          version: 0.0.1
