resourceMetrics:
  - resource:
      attributes:
        - key: host.name
          value:
            stringValue: test-host
        - key: service.name
          value:
            stringValue: filesystem-monitor
    schemaUrl: https://opentelemetry.io/schemas/1.9.0
    scopeMetrics:
      - metrics:
          - description: Filesystem bytes used
            name: system.filesystem.usage
            sum:
              aggregationTemporality: 2
              dataPoints:
                - asInt: "41943040000"
                  attributes:
                    - key: device
                      value:
                        stringValue: /dev/sda1
                    - key: fstype
                      value:
                        stringValue: ext4
                    - key: mode
                      value:
                        stringValue: rw
                    - key: mountpoint
                      value:
                        stringValue: /
                    - key: state
                      value:
                        stringValue: used
                    - key: type
                      value:
                        stringValue: ext4
                  startTimeUnixNano: "1000000"
                  timeUnixNano: "2000000"
                - asInt: "107374182400"
                  attributes:
                    - key: device
                      value:
                        stringValue: /dev/sda2
                    - key: fstype
                      value:
                        stringValue: xfs
                    - key: mode
                      value:
                        stringValue: rw
                    - key: mountpoint
                      value:
                        stringValue: /home
                    - key: state
                      value:
                        stringValue: used
                    - key: type
                      value:
                        stringValue: xfs
                  startTimeUnixNano: "1000000"
                  timeUnixNano: "2000000"
            unit: By
          - description: Fraction of filesystem used
            gauge:
              dataPoints:
                - asDouble: 0.8
                  attributes:
                    - key: device
                      value:
                        stringValue: /dev/sda1
                    - key: fstype
                      value:
                        stringValue: ext4
                    - key: mode
                      value:
                        stringValue: rw
                    - key: mountpoint
                      value:
                        stringValue: /
                    - key: state
                      value:
                        stringValue: used
                    - key: type
                      value:
                        stringValue: ext4
                  startTimeUnixNano: "1000000"
                  timeUnixNano: "2000000"
                - asDouble: 0.6
                  attributes:
                    - key: device
                      value:
                        stringValue: /dev/sda2
                    - key: fstype
                      value:
                        stringValue: xfs
                    - key: mode
                      value:
                        stringValue: rw
                    - key: mountpoint
                      value:
                        stringValue: /home
                    - key: state
                      value:
                        stringValue: used
                    - key: type
                      value:
                        stringValue: xfs
                  startTimeUnixNano: "1000000"
                  timeUnixNano: "2000000"
            name: system.filesystem.utilization
            unit: "1"
          - description: Inference result from model usage_prediction
            gauge:
              dataPoints:
                - asInt: "45036953600"
                  attributes:
                    - key: otel.inference.model.name
                      value:
                        stringValue: usage_prediction
                    - key: system.filesystem.usage.device
                      value:
                        stringValue: /dev/sda1
                    - key: system.filesystem.usage.fstype
                      value:
                        stringValue: ext4
                    - key: system.filesystem.usage.mode
                      value:
                        stringValue: rw
                    - key: system.filesystem.usage.mountpoint
                      value:
                        stringValue: /
                    - key: system.filesystem.usage.state
                      value:
                        stringValue: used
                    - key: system.filesystem.usage.type
                      value:
                        stringValue: ext4
                  timeUnixNano: "1000000"
            name: filesystem_usage.predicted
        scope:
          name: github.com/rbellamy/opentelemetry-inference/processor/metricsinferenceprocessor
          version: 0.0.1
